------------------------------------------------------------
TimeQuest Timing Analyzer Summary
------------------------------------------------------------

Type  : Slow 1000mV 100C Model Setup 'clkn'
Slack : -3.177
TNS   : -72.885

Type  : Slow 1000mV 100C Model Setup 'inst184'
Slack : -0.385
TNS   : -0.385

Type  : Slow 1000mV 100C Model Setup 'inst177'
Slack : -0.374
TNS   : -0.374

Type  : Slow 1000mV 100C Model Setup 'inst179'
Slack : -0.367
TNS   : -0.367

Type  : Slow 1000mV 100C Model Setup 'inst193'
Slack : -0.312
TNS   : -0.312

Type  : Slow 1000mV 100C Model Setup 'inst181'
Slack : -0.299
TNS   : -0.299

Type  : Slow 1000mV 100C Model Setup 'inst183'
Slack : -0.285
TNS   : -0.285

Type  : Slow 1000mV 100C Model Setup 'inst191'
Slack : -0.277
TNS   : -0.277

Type  : Slow 1000mV 100C Model Setup 'inst190'
Slack : -0.265
TNS   : -0.265

Type  : Slow 1000mV 100C Model Setup 'inst180'
Slack : -0.264
TNS   : -0.264

Type  : Slow 1000mV 100C Model Setup 'inst178'
Slack : -0.261
TNS   : -0.261

Type  : Slow 1000mV 100C Model Setup 'inst187'
Slack : -0.250
TNS   : -0.250

Type  : Slow 1000mV 100C Model Setup 'inst188'
Slack : -0.245
TNS   : -0.245

Type  : Slow 1000mV 100C Model Setup 'inst186'
Slack : -0.243
TNS   : -0.243

Type  : Slow 1000mV 100C Model Setup 'inst182'
Slack : -0.164
TNS   : -0.164

Type  : Slow 1000mV 100C Model Setup 'inst194'
Slack : -0.143
TNS   : -0.143

Type  : Slow 1000mV 100C Model Setup 'inst192'
Slack : -0.096
TNS   : -0.096

Type  : Slow 1000mV 100C Model Setup 'inst195'
Slack : -0.012
TNS   : -0.012

Type  : Slow 1000mV 100C Model Hold 'clkn'
Slack : -0.112
TNS   : -0.112

Type  : Slow 1000mV 100C Model Hold 'inst192'
Slack : 0.121
TNS   : 0.000

Type  : Slow 1000mV 100C Model Hold 'inst194'
Slack : 0.167
TNS   : 0.000

Type  : Slow 1000mV 100C Model Hold 'inst187'
Slack : 0.173
TNS   : 0.000

Type  : Slow 1000mV 100C Model Hold 'inst178'
Slack : 0.183
TNS   : 0.000

Type  : Slow 1000mV 100C Model Hold 'inst180'
Slack : 0.183
TNS   : 0.000

Type  : Slow 1000mV 100C Model Hold 'inst182'
Slack : 0.186
TNS   : 0.000

Type  : Slow 1000mV 100C Model Hold 'inst190'
Slack : 0.186
TNS   : 0.000

Type  : Slow 1000mV 100C Model Hold 'inst188'
Slack : 0.225
TNS   : 0.000

Type  : Slow 1000mV 100C Model Hold 'inst186'
Slack : 0.231
TNS   : 0.000

Type  : Slow 1000mV 100C Model Hold 'inst181'
Slack : 0.247
TNS   : 0.000

Type  : Slow 1000mV 100C Model Hold 'inst179'
Slack : 0.250
TNS   : 0.000

Type  : Slow 1000mV 100C Model Hold 'inst177'
Slack : 0.260
TNS   : 0.000

Type  : Slow 1000mV 100C Model Hold 'inst184'
Slack : 0.261
TNS   : 0.000

Type  : Slow 1000mV 100C Model Hold 'inst191'
Slack : 0.275
TNS   : 0.000

Type  : Slow 1000mV 100C Model Hold 'inst183'
Slack : 0.278
TNS   : 0.000

Type  : Slow 1000mV 100C Model Hold 'inst193'
Slack : 0.311
TNS   : 0.000

Type  : Slow 1000mV 100C Model Hold 'inst195'
Slack : 0.568
TNS   : 0.000

Type  : Slow 1000mV 100C Model Recovery 'clkn'
Slack : -2.121
TNS   : -4.196

Type  : Slow 1000mV 100C Model Removal 'clkn'
Slack : 0.514
TNS   : 0.000

Type  : Slow 1000mV 100C Model Minimum Pulse Width 'clkn'
Slack : -4.000
TNS   : -244.930

Type  : Slow 1000mV 100C Model Minimum Pulse Width 'inst177'
Slack : -1.763
TNS   : -1.763

Type  : Slow 1000mV 100C Model Minimum Pulse Width 'inst178'
Slack : -1.763
TNS   : -1.763

Type  : Slow 1000mV 100C Model Minimum Pulse Width 'inst179'
Slack : -1.763
TNS   : -1.763

Type  : Slow 1000mV 100C Model Minimum Pulse Width 'inst180'
Slack : -1.763
TNS   : -1.763

Type  : Slow 1000mV 100C Model Minimum Pulse Width 'inst181'
Slack : -1.763
TNS   : -1.763

Type  : Slow 1000mV 100C Model Minimum Pulse Width 'inst182'
Slack : -1.763
TNS   : -1.763

Type  : Slow 1000mV 100C Model Minimum Pulse Width 'inst183'
Slack : -1.763
TNS   : -1.763

Type  : Slow 1000mV 100C Model Minimum Pulse Width 'inst184'
Slack : -1.763
TNS   : -1.763

Type  : Slow 1000mV 100C Model Minimum Pulse Width 'inst186'
Slack : -1.763
TNS   : -1.763

Type  : Slow 1000mV 100C Model Minimum Pulse Width 'inst187'
Slack : -1.763
TNS   : -1.763

Type  : Slow 1000mV 100C Model Minimum Pulse Width 'inst188'
Slack : -1.763
TNS   : -1.763

Type  : Slow 1000mV 100C Model Minimum Pulse Width 'inst190'
Slack : -1.763
TNS   : -1.763

Type  : Slow 1000mV 100C Model Minimum Pulse Width 'inst191'
Slack : -1.763
TNS   : -1.763

Type  : Slow 1000mV 100C Model Minimum Pulse Width 'inst192'
Slack : -1.763
TNS   : -1.763

Type  : Slow 1000mV 100C Model Minimum Pulse Width 'inst193'
Slack : -1.763
TNS   : -1.763

Type  : Slow 1000mV 100C Model Minimum Pulse Width 'inst194'
Slack : -1.763
TNS   : -1.763

Type  : Slow 1000mV 100C Model Minimum Pulse Width 'inst195'
Slack : -1.763
TNS   : -1.763

Type  : Slow 1000mV -40C Model Setup 'clkn'
Slack : -2.792
TNS   : -66.609

Type  : Slow 1000mV -40C Model Setup 'inst177'
Slack : -0.317
TNS   : -0.317

Type  : Slow 1000mV -40C Model Setup 'inst184'
Slack : -0.313
TNS   : -0.313

Type  : Slow 1000mV -40C Model Setup 'inst179'
Slack : -0.304
TNS   : -0.304

Type  : Slow 1000mV -40C Model Setup 'inst193'
Slack : -0.242
TNS   : -0.242

Type  : Slow 1000mV -40C Model Setup 'inst181'
Slack : -0.233
TNS   : -0.233

Type  : Slow 1000mV -40C Model Setup 'inst183'
Slack : -0.213
TNS   : -0.213

Type  : Slow 1000mV -40C Model Setup 'inst190'
Slack : -0.207
TNS   : -0.207

Type  : Slow 1000mV -40C Model Setup 'inst178'
Slack : -0.203
TNS   : -0.203

Type  : Slow 1000mV -40C Model Setup 'inst180'
Slack : -0.203
TNS   : -0.203

Type  : Slow 1000mV -40C Model Setup 'inst191'
Slack : -0.201
TNS   : -0.201

Type  : Slow 1000mV -40C Model Setup 'inst187'
Slack : -0.195
TNS   : -0.195

Type  : Slow 1000mV -40C Model Setup 'inst186'
Slack : -0.185
TNS   : -0.185

Type  : Slow 1000mV -40C Model Setup 'inst188'
Slack : -0.177
TNS   : -0.177

Type  : Slow 1000mV -40C Model Setup 'inst182'
Slack : -0.105
TNS   : -0.105

Type  : Slow 1000mV -40C Model Setup 'inst194'
Slack : -0.082
TNS   : -0.082

Type  : Slow 1000mV -40C Model Setup 'inst192'
Slack : -0.043
TNS   : -0.043

Type  : Slow 1000mV -40C Model Setup 'inst195'
Slack : -0.004
TNS   : -0.004

Type  : Slow 1000mV -40C Model Hold 'clkn'
Slack : -0.178
TNS   : -0.178

Type  : Slow 1000mV -40C Model Hold 'inst192'
Slack : 0.085
TNS   : 0.000

Type  : Slow 1000mV -40C Model Hold 'inst187'
Slack : 0.109
TNS   : 0.000

Type  : Slow 1000mV -40C Model Hold 'inst190'
Slack : 0.114
TNS   : 0.000

Type  : Slow 1000mV -40C Model Hold 'inst180'
Slack : 0.119
TNS   : 0.000

Type  : Slow 1000mV -40C Model Hold 'inst178'
Slack : 0.120
TNS   : 0.000

Type  : Slow 1000mV -40C Model Hold 'inst194'
Slack : 0.124
TNS   : 0.000

Type  : Slow 1000mV -40C Model Hold 'inst182'
Slack : 0.143
TNS   : 0.000

Type  : Slow 1000mV -40C Model Hold 'inst188'
Slack : 0.146
TNS   : 0.000

Type  : Slow 1000mV -40C Model Hold 'inst186'
Slack : 0.156
TNS   : 0.000

Type  : Slow 1000mV -40C Model Hold 'inst181'
Slack : 0.167
TNS   : 0.000

Type  : Slow 1000mV -40C Model Hold 'inst179'
Slack : 0.181
TNS   : 0.000

Type  : Slow 1000mV -40C Model Hold 'inst184'
Slack : 0.186
TNS   : 0.000

Type  : Slow 1000mV -40C Model Hold 'inst177'
Slack : 0.195
TNS   : 0.000

Type  : Slow 1000mV -40C Model Hold 'inst191'
Slack : 0.200
TNS   : 0.000

Type  : Slow 1000mV -40C Model Hold 'inst183'
Slack : 0.203
TNS   : 0.000

Type  : Slow 1000mV -40C Model Hold 'inst193'
Slack : 0.237
TNS   : 0.000

Type  : Slow 1000mV -40C Model Hold 'inst195'
Slack : 0.558
TNS   : 0.000

Type  : Slow 1000mV -40C Model Recovery 'clkn'
Slack : -2.032
TNS   : -4.012

Type  : Slow 1000mV -40C Model Removal 'clkn'
Slack : 0.567
TNS   : 0.000

Type  : Slow 1000mV -40C Model Minimum Pulse Width 'clkn'
Slack : -4.000
TNS   : -244.930

Type  : Slow 1000mV -40C Model Minimum Pulse Width 'inst177'
Slack : -1.763
TNS   : -1.763

Type  : Slow 1000mV -40C Model Minimum Pulse Width 'inst178'
Slack : -1.763
TNS   : -1.763

Type  : Slow 1000mV -40C Model Minimum Pulse Width 'inst179'
Slack : -1.763
TNS   : -1.763

Type  : Slow 1000mV -40C Model Minimum Pulse Width 'inst180'
Slack : -1.763
TNS   : -1.763

Type  : Slow 1000mV -40C Model Minimum Pulse Width 'inst181'
Slack : -1.763
TNS   : -1.763

Type  : Slow 1000mV -40C Model Minimum Pulse Width 'inst182'
Slack : -1.763
TNS   : -1.763

Type  : Slow 1000mV -40C Model Minimum Pulse Width 'inst183'
Slack : -1.763
TNS   : -1.763

Type  : Slow 1000mV -40C Model Minimum Pulse Width 'inst184'
Slack : -1.763
TNS   : -1.763

Type  : Slow 1000mV -40C Model Minimum Pulse Width 'inst186'
Slack : -1.763
TNS   : -1.763

Type  : Slow 1000mV -40C Model Minimum Pulse Width 'inst187'
Slack : -1.763
TNS   : -1.763

Type  : Slow 1000mV -40C Model Minimum Pulse Width 'inst188'
Slack : -1.763
TNS   : -1.763

Type  : Slow 1000mV -40C Model Minimum Pulse Width 'inst190'
Slack : -1.763
TNS   : -1.763

Type  : Slow 1000mV -40C Model Minimum Pulse Width 'inst191'
Slack : -1.763
TNS   : -1.763

Type  : Slow 1000mV -40C Model Minimum Pulse Width 'inst192'
Slack : -1.763
TNS   : -1.763

Type  : Slow 1000mV -40C Model Minimum Pulse Width 'inst193'
Slack : -1.763
TNS   : -1.763

Type  : Slow 1000mV -40C Model Minimum Pulse Width 'inst194'
Slack : -1.763
TNS   : -1.763

Type  : Slow 1000mV -40C Model Minimum Pulse Width 'inst195'
Slack : -1.763
TNS   : -1.763

Type  : Fast 1000mV -40C Model Setup 'clkn'
Slack : -0.854
TNS   : -14.815

Type  : Fast 1000mV -40C Model Setup 'inst177'
Slack : 0.074
TNS   : 0.000

Type  : Fast 1000mV -40C Model Setup 'inst179'
Slack : 0.075
TNS   : 0.000

Type  : Fast 1000mV -40C Model Setup 'inst184'
Slack : 0.097
TNS   : 0.000

Type  : Fast 1000mV -40C Model Setup 'inst193'
Slack : 0.105
TNS   : 0.000

Type  : Fast 1000mV -40C Model Setup 'inst183'
Slack : 0.114
TNS   : 0.000

Type  : Fast 1000mV -40C Model Setup 'inst190'
Slack : 0.123
TNS   : 0.000

Type  : Fast 1000mV -40C Model Setup 'inst178'
Slack : 0.125
TNS   : 0.000

Type  : Fast 1000mV -40C Model Setup 'inst180'
Slack : 0.125
TNS   : 0.000

Type  : Fast 1000mV -40C Model Setup 'inst191'
Slack : 0.125
TNS   : 0.000

Type  : Fast 1000mV -40C Model Setup 'inst187'
Slack : 0.132
TNS   : 0.000

Type  : Fast 1000mV -40C Model Setup 'inst188'
Slack : 0.140
TNS   : 0.000

Type  : Fast 1000mV -40C Model Setup 'inst181'
Slack : 0.141
TNS   : 0.000

Type  : Fast 1000mV -40C Model Setup 'inst186'
Slack : 0.143
TNS   : 0.000

Type  : Fast 1000mV -40C Model Setup 'inst182'
Slack : 0.178
TNS   : 0.000

Type  : Fast 1000mV -40C Model Setup 'inst194'
Slack : 0.196
TNS   : 0.000

Type  : Fast 1000mV -40C Model Setup 'inst192'
Slack : 0.217
TNS   : 0.000

Type  : Fast 1000mV -40C Model Setup 'inst195'
Slack : 0.464
TNS   : 0.000

Type  : Fast 1000mV -40C Model Hold 'clkn'
Slack : -0.142
TNS   : -0.142

Type  : Fast 1000mV -40C Model Hold 'inst192'
Slack : 0.039
TNS   : 0.000

Type  : Fast 1000mV -40C Model Hold 'inst187'
Slack : 0.062
TNS   : 0.000

Type  : Fast 1000mV -40C Model Hold 'inst178'
Slack : 0.068
TNS   : 0.000

Type  : Fast 1000mV -40C Model Hold 'inst180'
Slack : 0.068
TNS   : 0.000

Type  : Fast 1000mV -40C Model Hold 'inst194'
Slack : 0.069
TNS   : 0.000

Type  : Fast 1000mV -40C Model Hold 'inst190'
Slack : 0.070
TNS   : 0.000

Type  : Fast 1000mV -40C Model Hold 'inst184'
Slack : 0.077
TNS   : 0.000

Type  : Fast 1000mV -40C Model Hold 'inst182'
Slack : 0.078
TNS   : 0.000

Type  : Fast 1000mV -40C Model Hold 'inst181'
Slack : 0.079
TNS   : 0.000

Type  : Fast 1000mV -40C Model Hold 'inst186'
Slack : 0.092
TNS   : 0.000

Type  : Fast 1000mV -40C Model Hold 'inst188'
Slack : 0.092
TNS   : 0.000

Type  : Fast 1000mV -40C Model Hold 'inst179'
Slack : 0.100
TNS   : 0.000

Type  : Fast 1000mV -40C Model Hold 'inst177'
Slack : 0.103
TNS   : 0.000

Type  : Fast 1000mV -40C Model Hold 'inst191'
Slack : 0.117
TNS   : 0.000

Type  : Fast 1000mV -40C Model Hold 'inst183'
Slack : 0.122
TNS   : 0.000

Type  : Fast 1000mV -40C Model Hold 'inst193'
Slack : 0.140
TNS   : 0.000

Type  : Fast 1000mV -40C Model Hold 'inst195'
Slack : 0.297
TNS   : 0.000

Type  : Fast 1000mV -40C Model Recovery 'clkn'
Slack : -0.723
TNS   : -1.443

Type  : Fast 1000mV -40C Model Removal 'clkn'
Slack : 0.148
TNS   : 0.000

Type  : Fast 1000mV -40C Model Minimum Pulse Width 'clkn'
Slack : -4.000
TNS   : -245.928

Type  : Fast 1000mV -40C Model Minimum Pulse Width 'inst177'
Slack : -1.763
TNS   : -1.763

Type  : Fast 1000mV -40C Model Minimum Pulse Width 'inst178'
Slack : -1.763
TNS   : -1.763

Type  : Fast 1000mV -40C Model Minimum Pulse Width 'inst179'
Slack : -1.763
TNS   : -1.763

Type  : Fast 1000mV -40C Model Minimum Pulse Width 'inst180'
Slack : -1.763
TNS   : -1.763

Type  : Fast 1000mV -40C Model Minimum Pulse Width 'inst181'
Slack : -1.763
TNS   : -1.763

Type  : Fast 1000mV -40C Model Minimum Pulse Width 'inst182'
Slack : -1.763
TNS   : -1.763

Type  : Fast 1000mV -40C Model Minimum Pulse Width 'inst183'
Slack : -1.763
TNS   : -1.763

Type  : Fast 1000mV -40C Model Minimum Pulse Width 'inst184'
Slack : -1.763
TNS   : -1.763

Type  : Fast 1000mV -40C Model Minimum Pulse Width 'inst186'
Slack : -1.763
TNS   : -1.763

Type  : Fast 1000mV -40C Model Minimum Pulse Width 'inst187'
Slack : -1.763
TNS   : -1.763

Type  : Fast 1000mV -40C Model Minimum Pulse Width 'inst188'
Slack : -1.763
TNS   : -1.763

Type  : Fast 1000mV -40C Model Minimum Pulse Width 'inst190'
Slack : -1.763
TNS   : -1.763

Type  : Fast 1000mV -40C Model Minimum Pulse Width 'inst191'
Slack : -1.763
TNS   : -1.763

Type  : Fast 1000mV -40C Model Minimum Pulse Width 'inst192'
Slack : -1.763
TNS   : -1.763

Type  : Fast 1000mV -40C Model Minimum Pulse Width 'inst193'
Slack : -1.763
TNS   : -1.763

Type  : Fast 1000mV -40C Model Minimum Pulse Width 'inst194'
Slack : -1.763
TNS   : -1.763

Type  : Fast 1000mV -40C Model Minimum Pulse Width 'inst195'
Slack : -1.763
TNS   : -1.763

------------------------------------------------------------
